EVENT session.plan ses_acc Review changes
EVENT agent.thought_chunk ses_acc Let me read the classifier
EVENT agent.message_chunk ses_acc I'll read the classifier.go
EVENT tool.call ses_acc read:classifier.go [pending]
EVENT agent.thought_chunk ses_acc Now analyzing diff
EVENT agent.message_chunk ses_acc The code looks good
EVENT session.end ses_acc stop_reason=end_turn
